
> fast-commerce@0.1.0 build
> next build

▲ Next.js 16.3.1 (Turbopack)
- Environments: .env.local
✓ Running next.config.ts took 912ms
- Experiments (use with caution):
  · clientTraceMetadata

  Creating an optimized production build ...
✓ Compiled successfully in 2.1s
  Running next.config.js provided runAfterProductionCompile ...
✓ Completed runAfterProductionCompile in 7.3s
  Running TypeScript ...
  Finished TypeScript in 4.0s ...
  Collecting page data using 11 workers ...
  Generating static pages using 11 workers (0/7) ...
  Generating static pages using 11 workers (1/7) 
  Generating static pages using 11 workers (3/7) 
  Generating static pages using 11 workers (5/7) 
✓ Generating static pages using 11 workers (7/7) in 1615ms
  Finalizing page optimization ...

Route (app)               Revalidate  Expire
┌ ○ /                             5m      1y
├ ○ /_not-found
├ ƒ /api/busca/sugestoes
├ ƒ /api/produtos
├ ƒ /busca
├ ○ /categorias                   1h      1y
├ ƒ /categorias/[slug]
├ ƒ /produtos
└ ● /produtos/[slug]


○  (Static)   prerendered as static content
●  (SSG)      prerendered as static HTML (uses generateStaticParams)
ƒ  (Dynamic)  server-rendered on demand

